=== AsymPirex end-to-end prototype ===
Initialized DB with N = 16, n = 4, m = 4, record size = 16 bytes.
Client preprocessing complete: 64 active hints, 8 buffered hints.

=== After Initialization: client's 3 local tables ===
hint (active hints):
  hint #0: indices=[1, 4, 11, 14], offsets=[1, 0, 3, 2], masks=[1,1,1,1], rho_s=[28, 28, 28, 28, 28, 28, 28, 28, 28, 28, 28, 28, 28, 28, 28, 28], rho_v=[28, 28, 28, 28, 28, 28, 28, 28, 28, 28, 28, 28, 28, 28, 28, 28]
  hint #1: indices=[1, 4, 10, 13], offsets=[1, 0, 2, 1], masks=[1,1,1,1], rho_s=[30, 30, 30, 30, 30, 30, 30, 30, 30, 30, 30, 30, 30, 30, 30, 30], rho_v=[30, 30, 30, 30, 30, 30, 30, 30, 30, 30, 30, 30, 30, 30, 30, 30]
  hint #2: indices=[1, 6, 11, 14], offsets=[1, 2, 3, 2], masks=[1,1,0,1], rho_s=[50, 50, 50, 50, 50, 50, 50, 50, 50, 50, 50, 50, 50, 50, 50, 50], rho_v=[140, 140, 140, 140, 140, 140, 140, 140, 140, 140, 140, 140, 140, 140, 140, 140]
  hint #3: indices=[1, 6, 10, 13], offsets=[1, 2, 2, 1], masks=[0,0,1,1], rho_s=[48, 48, 48, 48, 48, 48, 48, 48, 48, 48, 48, 48, 48, 48, 48, 48], rho_v=[77, 77, 77, 77, 77, 77, 77, 77, 77, 77, 77, 77, 77, 77, 77, 77]
  hint #4: indices=[3, 4, 9, 12], offsets=[3, 0, 1, 0], masks=[1,1,0,0], rho_s=[34, 34, 34, 34, 34, 34, 34, 34, 34, 34, 34, 34, 34, 34, 34, 34], rho_v=[113, 113, 113, 113, 113, 113, 113, 113, 113, 113, 113, 113, 113, 113, 113, 113]
  hint #5: indices=[1, 7, 10, 15], offsets=[1, 3, 2, 3], masks=[0,0,0,1], rho_s=[193, 193, 193, 193, 193, 193, 193, 193, 193, 193, 193, 193, 193, 193, 193, 193], rho_v=[2, 2, 2, 2, 2, 2, 2, 2, 2, 2, 2, 2, 2, 2, 2, 2]
  hint #6: indices=[0, 4, 9, 15], offsets=[0, 0, 1, 3], masks=[0,1,1,1], rho_s=[218, 218, 218, 218, 218, 218, 218, 218, 218, 218, 218, 218, 218, 218, 218, 218], rho_v=[217, 217, 217, 217, 217, 217, 217, 217, 217, 217, 217, 217, 217, 217, 217, 217]
  hint #7: indices=[0, 5, 10, 13], offsets=[0, 1, 2, 1], masks=[1,1,1,1], rho_s=[22, 22, 22, 22, 22, 22, 22, 22, 22, 22, 22, 22, 22, 22, 22, 22], rho_v=[22, 22, 22, 22, 22, 22, 22, 22, 22, 22, 22, 22, 22, 22, 22, 22]
  hint #8: indices=[1, 7, 8, 13], offsets=[1, 3, 0, 1], masks=[1,1,1,1], rho_s=[5, 5, 5, 5, 5, 5, 5, 5, 5, 5, 5, 5, 5, 5, 5, 5], rho_v=[5, 5, 5, 5, 5, 5, 5, 5, 5, 5, 5, 5, 5, 5, 5, 5]
  hint #9: indices=[0, 6, 11, 14], offsets=[0, 2, 3, 2], masks=[0,0,1,1], rho_s=[37, 37, 37, 37, 37, 37, 37, 37, 37, 37, 37, 37, 37, 37, 37, 37], rho_v=[79, 79, 79, 79, 79, 79, 79, 79, 79, 79, 79, 79, 79, 79, 79, 79]
  hint #10: indices=[0, 4, 8, 14], offsets=[0, 0, 0, 2], masks=[1,1,1,1], rho_s=[62, 62, 62, 62, 62, 62, 62, 62, 62, 62, 62, 62, 62, 62, 62, 62], rho_v=[62, 62, 62, 62, 62, 62, 62, 62, 62, 62, 62, 62, 62, 62, 62, 62]
  hint #11: indices=[2, 7, 11, 13], offsets=[2, 3, 3, 1], masks=[0,0,1,0], rho_s=[1, 1, 1, 1, 1, 1, 1, 1, 1, 1, 1, 1, 1, 1, 1, 1], rho_v=[190, 190, 190, 190, 190, 190, 190, 190, 190, 190, 190, 190, 190, 190, 190, 190]
  hint #12: indices=[3, 4, 11, 14], offsets=[3, 0, 3, 2], masks=[0,1,0,1], rho_s=[62, 62, 62, 62, 62, 62, 62, 62, 62, 62, 62, 62, 62, 62, 62, 62], rho_v=[182, 182, 182, 182, 182, 182, 182, 182, 182, 182, 182, 182, 182, 182, 182, 182]
  hint #13: indices=[2, 5, 11, 14], offsets=[2, 1, 3, 2], masks=[0,1,0,0], rho_s=[50, 50, 50, 50, 50, 50, 50, 50, 50, 50, 50, 50, 50, 50, 50, 50], rho_v=[88, 88, 88, 88, 88, 88, 88, 88, 88, 88, 88, 88, 88, 88, 88, 88]
  hint #14: indices=[0, 6, 8, 12], offsets=[0, 2, 0, 0], masks=[0,1,1,1], rho_s=[46, 46, 46, 46, 46, 46, 46, 46, 46, 46, 46, 46, 46, 46, 46, 46], rho_v=[45, 45, 45, 45, 45, 45, 45, 45, 45, 45, 45, 45, 45, 45, 45, 45]
  hint #15: indices=[1, 6, 8, 13], offsets=[1, 2, 0, 1], masks=[1,1,0,0], rho_s=[22, 22, 22, 22, 22, 22, 22, 22, 22, 22, 22, 22, 22, 22, 22, 22], rho_v=[125, 125, 125, 125, 125, 125, 125, 125, 125, 125, 125, 125, 125, 125, 125, 125]
  hint #16: indices=[0, 4, 8, 14], offsets=[0, 0, 0, 2], masks=[1,0,0,1], rho_s=[62, 62, 62, 62, 62, 62, 62, 62, 62, 62, 62, 62, 62, 62, 62, 62], rho_v=[242, 242, 242, 242, 242, 242, 242, 242, 242, 242, 242, 242, 242, 242, 242, 242]
  hint #17: indices=[3, 5, 8, 15], offsets=[3, 1, 0, 3], masks=[1,0,1,1], rho_s=[231, 231, 231, 231, 231, 231, 231, 231, 231, 231, 231, 231, 231, 231, 231, 231], rho_v=[191, 191, 191, 191, 191, 191, 191, 191, 191, 191, 191, 191, 191, 191, 191, 191]
  hint #18: indices=[0, 5, 8, 13], offsets=[0, 1, 0, 1], masks=[1,1,0,0], rho_s=[48, 48, 48, 48, 48, 48, 48, 48, 48, 48, 48, 48, 48, 48, 48, 48], rho_v=[91, 91, 91, 91, 91, 91, 91, 91, 91, 91, 91, 91, 91, 91, 91, 91]
  hint #19: indices=[3, 7, 9, 13], offsets=[3, 3, 1, 1], masks=[1,0,1,1], rho_s=[48, 48, 48, 48, 48, 48, 48, 48, 48, 48, 48, 48, 48, 48, 48, 48], rho_v=[74, 74, 74, 74, 74, 74, 74, 74, 74, 74, 74, 74, 74, 74, 74, 74]
  hint #20: indices=[0, 6, 10, 12], offsets=[0, 2, 2, 0], masks=[0,1,1,1], rho_s=[8, 8, 8, 8, 8, 8, 8, 8, 8, 8, 8, 8, 8, 8, 8, 8], rho_v=[11, 11, 11, 11, 11, 11, 11, 11, 11, 11, 11, 11, 11, 11, 11, 11]
  hint #21: indices=[3, 7, 11, 13], offsets=[3, 3, 3, 1], masks=[1,1,1,0], rho_s=[18, 18, 18, 18, 18, 18, 18, 18, 18, 18, 18, 18, 18, 18, 18, 18], rho_v=[242, 242, 242, 242, 242, 242, 242, 242, 242, 242, 242, 242, 242, 242, 242, 242]
  hint #22: indices=[1, 6, 9, 12], offsets=[1, 2, 1, 0], masks=[1,1,1,1], rho_s=[46, 46, 46, 46, 46, 46, 46, 46, 46, 46, 46, 46, 46, 46, 46, 46], rho_v=[46, 46, 46, 46, 46, 46, 46, 46, 46, 46, 46, 46, 46, 46, 46, 46]
  hint #23: indices=[3, 5, 9, 13], offsets=[3, 1, 1, 1], masks=[0,0,1,1], rho_s=[18, 18, 18, 18, 18, 18, 18, 18, 18, 18, 18, 18, 18, 18, 18, 18], rho_v=[124, 124, 124, 124, 124, 124, 124, 124, 124, 124, 124, 124, 124, 124, 124, 124]
  hint #24: indices=[0, 7, 8, 12], offsets=[0, 3, 0, 0], masks=[0,1,1,0], rho_s=[61, 61, 61, 61, 61, 61, 61, 61, 61, 61, 61, 61, 61, 61, 61, 61], rho_v=[241, 241, 241, 241, 241, 241, 241, 241, 241, 241, 241, 241, 241, 241, 241, 241]
  hint #25: indices=[2, 4, 8, 12], offsets=[2, 0, 0, 0], masks=[0,0,0,1], rho_s=[38, 38, 38, 38, 38, 38, 38, 38, 38, 38, 38, 38, 38, 38, 38, 38], rho_v=[207, 207, 207, 207, 207, 207, 207, 207, 207, 207, 207, 207, 207, 207, 207, 207]
  hint #26: indices=[2, 6, 8, 13], offsets=[2, 2, 0, 1], masks=[1,1,1,0], rho_s=[39, 39, 39, 39, 39, 39, 39, 39, 39, 39, 39, 39, 39, 39, 39, 39], rho_v=[199, 199, 199, 199, 199, 199, 199, 199, 199, 199, 199, 199, 199, 199, 199, 199]
  hint #27: indices=[1, 4, 8, 12], offsets=[1, 0, 0, 0], masks=[1,1,1,0], rho_s=[23, 23, 23, 23, 23, 23, 23, 23, 23, 23, 23, 23, 23, 23, 23, 23], rho_v=[216, 216, 216, 216, 216, 216, 216, 216, 216, 216, 216, 216, 216, 216, 216, 216]
  hint #28: indices=[2, 7, 10, 13], offsets=[2, 3, 2, 1], masks=[0,1,0,1], rho_s=[18, 18, 18, 18, 18, 18, 18, 18, 18, 18, 18, 18, 18, 18, 18, 18], rho_v=[154, 154, 154, 154, 154, 154, 154, 154, 154, 154, 154, 154, 154, 154, 154, 154]
  hint #29: indices=[3, 7, 9, 14], offsets=[3, 3, 1, 2], masks=[0,0,0,0], rho_s=[33, 33, 33, 33, 33, 33, 33, 33, 33, 33, 33, 33, 33, 33, 33, 33], rho_v=[0, 0, 0, 0, 0, 0, 0, 0, 0, 0, 0, 0, 0, 0, 0, 0]
  hint #30: indices=[1, 5, 11, 12], offsets=[1, 1, 3, 0], masks=[0,0,1,0], rho_s=[61, 61, 61, 61, 61, 61, 61, 61, 61, 61, 61, 61, 61, 61, 61, 61], rho_v=[190, 190, 190, 190, 190, 190, 190, 190, 190, 190, 190, 190, 190, 190, 190, 190]
  hint #31: indices=[3, 6, 8, 12], offsets=[3, 2, 0, 0], masks=[1,1,1,0], rho_s=[27, 27, 27, 27, 27, 27, 27, 27, 27, 27, 27, 27, 27, 27, 27, 27], rho_v=[212, 212, 212, 212, 212, 212, 212, 212, 212, 212, 212, 212, 212, 212, 212, 212]
  hint #32: indices=[1, 5, 10, 15], offsets=[1, 1, 2, 3], masks=[0,0,0,1], rho_s=[227, 227, 227, 227, 227, 227, 227, 227, 227, 227, 227, 227, 227, 227, 227, 227], rho_v=[2, 2, 2, 2, 2, 2, 2, 2, 2, 2, 2, 2, 2, 2, 2, 2]
  hint #33: indices=[2, 7, 11, 12], offsets=[2, 3, 3, 0], masks=[0,1,1,1], rho_s=[46, 46, 46, 46, 46, 46, 46, 46, 46, 46, 46, 46, 46, 46, 46, 46], rho_v=[11, 11, 11, 11, 11, 11, 11, 11, 11, 11, 11, 11, 11, 11, 11, 11]
  hint #34: indices=[0, 4, 9, 12], offsets=[0, 0, 1, 0], masks=[0,0,1,0], rho_s=[23, 23, 23, 23, 23, 23, 23, 23, 23, 23, 23, 23, 23, 23, 23, 23], rho_v=[156, 156, 156, 156, 156, 156, 156, 156, 156, 156, 156, 156, 156, 156, 156, 156]
  hint #35: indices=[0, 5, 10, 13], offsets=[0, 1, 2, 1], masks=[0,1,1,1], rho_s=[22, 22, 22, 22, 22, 22, 22, 22, 22, 22, 22, 22, 22, 22, 22, 22], rho_v=[21, 21, 21, 21, 21, 21, 21, 21, 21, 21, 21, 21, 21, 21, 21, 21]
  hint #36: indices=[2, 5, 10, 13], offsets=[2, 1, 2, 1], masks=[0,0,0,0], rho_s=[48, 48, 48, 48, 48, 48, 48, 48, 48, 48, 48, 48, 48, 48, 48, 48], rho_v=[0, 0, 0, 0, 0, 0, 0, 0, 0, 0, 0, 0, 0, 0, 0, 0]
  hint #37: indices=[2, 4, 10, 12], offsets=[2, 0, 2, 0], masks=[1,1,1,0], rho_s=[0, 0, 0, 0, 0, 0, 0, 0, 0, 0, 0, 0, 0, 0, 0, 0], rho_v=[207, 207, 207, 207, 207, 207, 207, 207, 207, 207, 207, 207, 207, 207, 207, 207]
  hint #38: indices=[3, 6, 11, 14], offsets=[3, 2, 3, 2], masks=[1,0,0,0], rho_s=[16, 16, 16, 16, 16, 16, 16, 16, 16, 16, 16, 16, 16, 16, 16, 16], rho_v=[54, 54, 54, 54, 54, 54, 54, 54, 54, 54, 54, 54, 54, 54, 54, 54]
  hint #39: indices=[3, 5, 8, 13], offsets=[3, 1, 0, 1], masks=[1,0,0,0], rho_s=[5, 5, 5, 5, 5, 5, 5, 5, 5, 5, 5, 5, 5, 5, 5, 5], rho_v=[54, 54, 54, 54, 54, 54, 54, 54, 54, 54, 54, 54, 54, 54, 54, 54]
  hint #40: indices=[0, 5, 11, 12], offsets=[0, 1, 3, 0], masks=[1,0,1,0], rho_s=[42, 42, 42, 42, 42, 42, 42, 42, 42, 42, 42, 42, 42, 42, 42, 42], rho_v=[189, 189, 189, 189, 189, 189, 189, 189, 189, 189, 189, 189, 189, 189, 189, 189]
  hint #41: indices=[3, 6, 11, 12], offsets=[3, 2, 3, 0], masks=[1,1,1,1], rho_s=[46, 46, 46, 46, 46, 46, 46, 46, 46, 46, 46, 46, 46, 46, 46, 46], rho_v=[46, 46, 46, 46, 46, 46, 46, 46, 46, 46, 46, 46, 46, 46, 46, 46]
  hint #42: indices=[3, 4, 10, 14], offsets=[3, 0, 2, 2], masks=[0,1,1,0], rho_s=[45, 45, 45, 45, 45, 45, 45, 45, 45, 45, 45, 45, 45, 45, 45, 45], rho_v=[234, 234, 234, 234, 234, 234, 234, 234, 234, 234, 234, 234, 234, 234, 234, 234]
  hint #43: indices=[3, 4, 11, 15], offsets=[3, 0, 3, 3], masks=[0,0,0,1], rho_s=[205, 205, 205, 205, 205, 205, 205, 205, 205, 205, 205, 205, 205, 205, 205, 205], rho_v=[2, 2, 2, 2, 2, 2, 2, 2, 2, 2, 2, 2, 2, 2, 2, 2]
  hint #44: indices=[0, 4, 9, 12], offsets=[0, 0, 1, 0], masks=[0,0,0,1], rho_s=[23, 23, 23, 23, 23, 23, 23, 23, 23, 23, 23, 23, 23, 23, 23, 23], rho_v=[207, 207, 207, 207, 207, 207, 207, 207, 207, 207, 207, 207, 207, 207, 207, 207]
  hint #45: indices=[0, 4, 8, 14], offsets=[0, 0, 0, 2], masks=[1,1,0,0], rho_s=[62, 62, 62, 62, 62, 62, 62, 62, 62, 62, 62, 62, 62, 62, 62, 62], rho_v=[68, 68, 68, 68, 68, 68, 68, 68, 68, 68, 68, 68, 68, 68, 68, 68]
  hint #46: indices=[0, 7, 10, 14], offsets=[0, 3, 2, 2], masks=[1,0,0,0], rho_s=[37, 37, 37, 37, 37, 37, 37, 37, 37, 37, 37, 37, 37, 37, 37, 37], rho_v=[3, 3, 3, 3, 3, 3, 3, 3, 3, 3, 3, 3, 3, 3, 3, 3]
  hint #47: indices=[2, 4, 11, 13], offsets=[2, 0, 3, 1], masks=[0,0,0,1], rho_s=[60, 60, 60, 60, 60, 60, 60, 60, 60, 60, 60, 60, 60, 60, 60, 60], rho_v=[224, 224, 224, 224, 224, 224, 224, 224, 224, 224, 224, 224, 224, 224, 224, 224]
  hint #48: indices=[1, 7, 8, 13], offsets=[1, 3, 0, 1], masks=[0,1,0,0], rho_s=[5, 5, 5, 5, 5, 5, 5, 5, 5, 5, 5, 5, 5, 5, 5, 5], rho_v=[122, 122, 122, 122, 122, 122, 122, 122, 122, 122, 122, 122, 122, 122, 122, 122]
  hint #49: indices=[1, 5, 8, 12], offsets=[1, 1, 0, 0], masks=[0,0,0,0], rho_s=[8, 8, 8, 8, 8, 8, 8, 8, 8, 8, 8, 8, 8, 8, 8, 8], rho_v=[0, 0, 0, 0, 0, 0, 0, 0, 0, 0, 0, 0, 0, 0, 0, 0]
  hint #50: indices=[1, 5, 8, 14], offsets=[1, 1, 0, 2], masks=[1,0,0,1], rho_s=[54, 54, 54, 54, 54, 54, 54, 54, 54, 54, 54, 54, 54, 54, 54, 54], rho_v=[229, 229, 229, 229, 229, 229, 229, 229, 229, 229, 229, 229, 229, 229, 229, 229]
  hint #51: indices=[3, 7, 11, 13], offsets=[3, 3, 3, 1], masks=[0,0,0,1], rho_s=[18, 18, 18, 18, 18, 18, 18, 18, 18, 18, 18, 18, 18, 18, 18, 18], rho_v=[224, 224, 224, 224, 224, 224, 224, 224, 224, 224, 224, 224, 224, 224, 224, 224]
  hint #52: indices=[3, 7, 10, 12], offsets=[3, 3, 2, 0], masks=[0,0,0,1], rho_s=[46, 46, 46, 46, 46, 46, 46, 46, 46, 46, 46, 46, 46, 46, 46, 46], rho_v=[207, 207, 207, 207, 207, 207, 207, 207, 207, 207, 207, 207, 207, 207, 207, 207]
  hint #53: indices=[2, 4, 8, 12], offsets=[2, 0, 0, 0], masks=[0,0,1,0], rho_s=[38, 38, 38, 38, 38, 38, 38, 38, 38, 38, 38, 38, 38, 38, 38, 38], rho_v=[139, 139, 139, 139, 139, 139, 139, 139, 139, 139, 139, 139, 139, 139, 139, 139]
  hint #54: indices=[2, 7, 10, 14], offsets=[2, 3, 2, 2], masks=[0,1,0,1], rho_s=[3, 3, 3, 3, 3, 3, 3, 3, 3, 3, 3, 3, 3, 3, 3, 3], rho_v=[139, 139, 139, 139, 139, 139, 139, 139, 139, 139, 139, 139, 139, 139, 139, 139]
  hint #55: indices=[2, 7, 9, 14], offsets=[2, 3, 1, 2], masks=[0,0,0,0], rho_s=[50, 50, 50, 50, 50, 50, 50, 50, 50, 50, 50, 50, 50, 50, 50, 50], rho_v=[0, 0, 0, 0, 0, 0, 0, 0, 0, 0, 0, 0, 0, 0, 0, 0]
  hint #56: indices=[1, 5, 10, 13], offsets=[1, 1, 2, 1], masks=[1,1,1,0], rho_s=[1, 1, 1, 1, 1, 1, 1, 1, 1, 1, 1, 1, 1, 1, 1, 1], rho_v=[225, 225, 225, 225, 225, 225, 225, 225, 225, 225, 225, 225, 225, 225, 225, 225]
  hint #57: indices=[2, 6, 8, 12], offsets=[2, 2, 0, 0], masks=[1,0,0,0], rho_s=[8, 8, 8, 8, 8, 8, 8, 8, 8, 8, 8, 8, 8, 8, 8, 8], rho_v=[37, 37, 37, 37, 37, 37, 37, 37, 37, 37, 37, 37, 37, 37, 37, 37]
  hint #58: indices=[1, 7, 8, 12], offsets=[1, 3, 0, 0], masks=[0,1,0,0], rho_s=[42, 42, 42, 42, 42, 42, 42, 42, 42, 42, 42, 42, 42, 42, 42, 42], rho_v=[122, 122, 122, 122, 122, 122, 122, 122, 122, 122, 122, 122, 122, 122, 122, 122]
  hint #59: indices=[2, 6, 10, 12], offsets=[2, 2, 2, 0], masks=[0,1,0,1], rho_s=[46, 46, 46, 46, 46, 46, 46, 46, 46, 46, 46, 46, 46, 46, 46, 46], rho_v=[166, 166, 166, 166, 166, 166, 166, 166, 166, 166, 166, 166, 166, 166, 166, 166]
  hint #60: indices=[1, 6, 11, 12], offsets=[1, 2, 3, 0], masks=[0,0,1,1], rho_s=[12, 12, 12, 12, 12, 12, 12, 12, 12, 12, 12, 12, 12, 12, 12, 12], rho_v=[113, 113, 113, 113, 113, 113, 113, 113, 113, 113, 113, 113, 113, 113, 113, 113]
  hint #61: indices=[2, 7, 11, 12], offsets=[2, 3, 3, 0], masks=[1,0,0,0], rho_s=[46, 46, 46, 46, 46, 46, 46, 46, 46, 46, 46, 46, 46, 46, 46, 46], rho_v=[37, 37, 37, 37, 37, 37, 37, 37, 37, 37, 37, 37, 37, 37, 37, 37]
  hint #62: indices=[2, 4, 9, 13], offsets=[2, 0, 1, 1], masks=[0,0,1,1], rho_s=[30, 30, 30, 30, 30, 30, 30, 30, 30, 30, 30, 30, 30, 30, 30, 30], rho_v=[124, 124, 124, 124, 124, 124, 124, 124, 124, 124, 124, 124, 124, 124, 124, 124]
  hint #63: indices=[2, 5, 9, 12], offsets=[2, 1, 1, 0], masks=[0,0,1,1], rho_s=[46, 46, 46, 46, 46, 46, 46, 46, 46, 46, 46, 46, 46, 46, 46, 46], rho_v=[83, 83, 83, 83, 83, 83, 83, 83, 83, 83, 83, 83, 83, 83, 83, 83]
hbuffer (queued compact tuples):
  hint #64: rho_s=[197, 197, 197, 197, 197, 197, 197, 197, 197, 197, 197, 197, 197, 197, 197, 197], rho_v=[198, 198, 198, 198, 198, 198, 198, 198, 198, 198, 198, 198, 198, 198, 198, 198]
  hint #65: rho_s=[231, 231, 231, 231, 231, 231, 231, 231, 231, 231, 231, 231, 231, 231, 231, 231], rho_v=[20, 20, 20, 20, 20, 20, 20, 20, 20, 20, 20, 20, 20, 20, 20, 20]
  hint #66: rho_s=[197, 197, 197, 197, 197, 197, 197, 197, 197, 197, 197, 197, 197, 197, 197, 197], rho_v=[191, 191, 191, 191, 191, 191, 191, 191, 191, 191, 191, 191, 191, 191, 191, 191]
  hint #67: rho_s=[31, 31, 31, 31, 31, 31, 31, 31, 31, 31, 31, 31, 31, 31, 31, 31], rho_v=[178, 178, 178, 178, 178, 178, 178, 178, 178, 178, 178, 178, 178, 178, 178, 178]
  hint #68: rho_s=[7, 7, 7, 7, 7, 7, 7, 7, 7, 7, 7, 7, 7, 7, 7, 7], rho_v=[0, 0, 0, 0, 0, 0, 0, 0, 0, 0, 0, 0, 0, 0, 0, 0]
  hint #69: rho_s=[227, 227, 227, 227, 227, 227, 227, 227, 227, 227, 227, 227, 227, 227, 227, 227], rho_v=[138, 138, 138, 138, 138, 138, 138, 138, 138, 138, 138, 138, 138, 138, 138, 138]
  hint #70: rho_s=[8, 8, 8, 8, 8, 8, 8, 8, 8, 8, 8, 8, 8, 8, 8, 8], rho_v=[207, 207, 207, 207, 207, 207, 207, 207, 207, 207, 207, 207, 207, 207, 207, 207]
  hint #71: rho_s=[56, 56, 56, 56, 56, 56, 56, 56, 56, 56, 56, 56, 56, 56, 56, 56], rho_v=[127, 127, 127, 127, 127, 127, 127, 127, 127, 127, 127, 127, 127, 127, 127, 127]
T (hint-membership table):
  DB[0] -> [6, 7, 9, 10, 14, 16, 18, 20, 24, 34, 35, 40, 44, 45, 46]
  DB[1] -> [0, 1, 2, 3, 5, 8, 15, 22, 27, 30, 32, 48, 49, 50, 56, 58, 60]
  DB[2] -> [11, 13, 25, 26, 28, 33, 36, 37, 47, 53, 54, 55, 57, 59, 61, 62, 63]
  DB[3] -> [4, 12, 17, 19, 21, 23, 29, 31, 38, 39, 41, 42, 43, 51, 52]
  DB[4] -> [0, 1, 4, 6, 10, 12, 16, 25, 27, 34, 37, 42, 43, 44, 45, 47, 53, 62]
  DB[5] -> [7, 13, 17, 18, 23, 30, 32, 35, 36, 39, 40, 49, 50, 56, 63]
  DB[6] -> [2, 3, 9, 14, 15, 20, 22, 26, 31, 38, 41, 57, 59, 60]
  DB[7] -> [5, 8, 11, 19, 21, 24, 28, 29, 33, 46, 48, 51, 52, 54, 55, 58, 61]
  DB[8] -> [8, 10, 14, 15, 16, 17, 18, 24, 25, 26, 27, 31, 39, 45, 48, 49, 50, 53, 57, 58]
  DB[9] -> [4, 6, 19, 22, 23, 29, 34, 44, 55, 62, 63]
  DB[10] -> [1, 3, 5, 7, 20, 28, 32, 35, 36, 37, 42, 46, 52, 54, 56, 59]
  DB[11] -> [0, 2, 9, 11, 12, 13, 21, 30, 33, 38, 40, 41, 43, 47, 51, 60, 61]
  DB[12] -> [4, 14, 20, 22, 24, 25, 27, 30, 31, 33, 34, 37, 40, 41, 44, 49, 52, 53, 57, 58, 59, 60, 61, 63]
  DB[13] -> [1, 3, 7, 8, 11, 15, 18, 19, 21, 23, 26, 28, 35, 36, 39, 47, 48, 51, 56, 62]
  DB[14] -> [0, 2, 9, 10, 12, 13, 16, 29, 38, 42, 45, 46, 50, 54, 55]
  DB[15] -> [5, 6, 17, 32, 43]

=== First query ===
Client wants: DB[5]
Client sent: patched offsets=[1, 1, 2, 1], patched masks=[1,0,1,0]
Data recovery: consumed hint #56, swap hint None, z = 5, recovered target = [88, 88, 88, 88, 88, 88, 88, 88, 88, 88, 88, 88, 88, 88, 88, 88], learned z-record = [88, 88, 88, 88, 88, 88, 88, 88, 88, 88, 88, 88, 88, 88, 88, 88], refresh = false

=== Client's 3 local tables after maintenance ===
hint (active hints):
  hint #0: indices=[1, 4, 11, 14], offsets=[1, 0, 3, 2], masks=[1,1,1,1], rho_s=[28, 28, 28, 28, 28, 28, 28, 28, 28, 28, 28, 28, 28, 28, 28, 28], rho_v=[28, 28, 28, 28, 28, 28, 28, 28, 28, 28, 28, 28, 28, 28, 28, 28]
  hint #1: indices=[1, 4, 10, 13], offsets=[1, 0, 2, 1], masks=[1,1,1,1], rho_s=[30, 30, 30, 30, 30, 30, 30, 30, 30, 30, 30, 30, 30, 30, 30, 30], rho_v=[30, 30, 30, 30, 30, 30, 30, 30, 30, 30, 30, 30, 30, 30, 30, 30]
  hint #2: indices=[1, 6, 11, 14], offsets=[1, 2, 3, 2], masks=[1,1,0,1], rho_s=[50, 50, 50, 50, 50, 50, 50, 50, 50, 50, 50, 50, 50, 50, 50, 50], rho_v=[140, 140, 140, 140, 140, 140, 140, 140, 140, 140, 140, 140, 140, 140, 140, 140]
  hint #3: indices=[1, 6, 10, 13], offsets=[1, 2, 2, 1], masks=[0,0,1,1], rho_s=[48, 48, 48, 48, 48, 48, 48, 48, 48, 48, 48, 48, 48, 48, 48, 48], rho_v=[77, 77, 77, 77, 77, 77, 77, 77, 77, 77, 77, 77, 77, 77, 77, 77]
  hint #4: indices=[3, 4, 9, 12], offsets=[3, 0, 1, 0], masks=[1,1,0,0], rho_s=[34, 34, 34, 34, 34, 34, 34, 34, 34, 34, 34, 34, 34, 34, 34, 34], rho_v=[113, 113, 113, 113, 113, 113, 113, 113, 113, 113, 113, 113, 113, 113, 113, 113]
  hint #5: indices=[1, 7, 10, 15], offsets=[1, 3, 2, 3], masks=[0,0,0,1], rho_s=[193, 193, 193, 193, 193, 193, 193, 193, 193, 193, 193, 193, 193, 193, 193, 193], rho_v=[2, 2, 2, 2, 2, 2, 2, 2, 2, 2, 2, 2, 2, 2, 2, 2]
  hint #6: indices=[0, 4, 9, 15], offsets=[0, 0, 1, 3], masks=[0,1,1,1], rho_s=[218, 218, 218, 218, 218, 218, 218, 218, 218, 218, 218, 218, 218, 218, 218, 218], rho_v=[217, 217, 217, 217, 217, 217, 217, 217, 217, 217, 217, 217, 217, 217, 217, 217]
  hint #7: indices=[0, 5, 10, 13], offsets=[0, 1, 2, 1], masks=[1,1,1,1], rho_s=[22, 22, 22, 22, 22, 22, 22, 22, 22, 22, 22, 22, 22, 22, 22, 22], rho_v=[22, 22, 22, 22, 22, 22, 22, 22, 22, 22, 22, 22, 22, 22, 22, 22]
  hint #8: indices=[1, 7, 8, 13], offsets=[1, 3, 0, 1], masks=[1,1,1,1], rho_s=[5, 5, 5, 5, 5, 5, 5, 5, 5, 5, 5, 5, 5, 5, 5, 5], rho_v=[5, 5, 5, 5, 5, 5, 5, 5, 5, 5, 5, 5, 5, 5, 5, 5]
  hint #9: indices=[0, 6, 11, 14], offsets=[0, 2, 3, 2], masks=[0,0,1,1], rho_s=[37, 37, 37, 37, 37, 37, 37, 37, 37, 37, 37, 37, 37, 37, 37, 37], rho_v=[79, 79, 79, 79, 79, 79, 79, 79, 79, 79, 79, 79, 79, 79, 79, 79]
  hint #10: indices=[0, 4, 8, 14], offsets=[0, 0, 0, 2], masks=[1,1,1,1], rho_s=[62, 62, 62, 62, 62, 62, 62, 62, 62, 62, 62, 62, 62, 62, 62, 62], rho_v=[62, 62, 62, 62, 62, 62, 62, 62, 62, 62, 62, 62, 62, 62, 62, 62]
  hint #11: indices=[2, 7, 11, 13], offsets=[2, 3, 3, 1], masks=[0,0,1,0], rho_s=[1, 1, 1, 1, 1, 1, 1, 1, 1, 1, 1, 1, 1, 1, 1, 1], rho_v=[190, 190, 190, 190, 190, 190, 190, 190, 190, 190, 190, 190, 190, 190, 190, 190]
  hint #12: indices=[3, 4, 11, 14], offsets=[3, 0, 3, 2], masks=[0,1,0,1], rho_s=[62, 62, 62, 62, 62, 62, 62, 62, 62, 62, 62, 62, 62, 62, 62, 62], rho_v=[182, 182, 182, 182, 182, 182, 182, 182, 182, 182, 182, 182, 182, 182, 182, 182]
  hint #13: indices=[2, 5, 11, 14], offsets=[2, 1, 3, 2], masks=[0,1,0,0], rho_s=[50, 50, 50, 50, 50, 50, 50, 50, 50, 50, 50, 50, 50, 50, 50, 50], rho_v=[88, 88, 88, 88, 88, 88, 88, 88, 88, 88, 88, 88, 88, 88, 88, 88]
  hint #14: indices=[0, 6, 8, 12], offsets=[0, 2, 0, 0], masks=[0,1,1,1], rho_s=[46, 46, 46, 46, 46, 46, 46, 46, 46, 46, 46, 46, 46, 46, 46, 46], rho_v=[45, 45, 45, 45, 45, 45, 45, 45, 45, 45, 45, 45, 45, 45, 45, 45]
  hint #15: indices=[1, 6, 8, 13], offsets=[1, 2, 0, 1], masks=[1,1,0,0], rho_s=[22, 22, 22, 22, 22, 22, 22, 22, 22, 22, 22, 22, 22, 22, 22, 22], rho_v=[125, 125, 125, 125, 125, 125, 125, 125, 125, 125, 125, 125, 125, 125, 125, 125]
  hint #16: indices=[0, 4, 8, 14], offsets=[0, 0, 0, 2], masks=[1,0,0,1], rho_s=[62, 62, 62, 62, 62, 62, 62, 62, 62, 62, 62, 62, 62, 62, 62, 62], rho_v=[242, 242, 242, 242, 242, 242, 242, 242, 242, 242, 242, 242, 242, 242, 242, 242]
  hint #17: indices=[3, 5, 8, 15], offsets=[3, 1, 0, 3], masks=[1,0,1,1], rho_s=[231, 231, 231, 231, 231, 231, 231, 231, 231, 231, 231, 231, 231, 231, 231, 231], rho_v=[191, 191, 191, 191, 191, 191, 191, 191, 191, 191, 191, 191, 191, 191, 191, 191]
  hint #18: indices=[0, 5, 8, 13], offsets=[0, 1, 0, 1], masks=[1,1,0,0], rho_s=[48, 48, 48, 48, 48, 48, 48, 48, 48, 48, 48, 48, 48, 48, 48, 48], rho_v=[91, 91, 91, 91, 91, 91, 91, 91, 91, 91, 91, 91, 91, 91, 91, 91]
  hint #19: indices=[3, 7, 9, 13], offsets=[3, 3, 1, 1], masks=[1,0,1,1], rho_s=[48, 48, 48, 48, 48, 48, 48, 48, 48, 48, 48, 48, 48, 48, 48, 48], rho_v=[74, 74, 74, 74, 74, 74, 74, 74, 74, 74, 74, 74, 74, 74, 74, 74]
  hint #20: indices=[0, 6, 10, 12], offsets=[0, 2, 2, 0], masks=[0,1,1,1], rho_s=[8, 8, 8, 8, 8, 8, 8, 8, 8, 8, 8, 8, 8, 8, 8, 8], rho_v=[11, 11, 11, 11, 11, 11, 11, 11, 11, 11, 11, 11, 11, 11, 11, 11]
  hint #21: indices=[3, 7, 11, 13], offsets=[3, 3, 3, 1], masks=[1,1,1,0], rho_s=[18, 18, 18, 18, 18, 18, 18, 18, 18, 18, 18, 18, 18, 18, 18, 18], rho_v=[242, 242, 242, 242, 242, 242, 242, 242, 242, 242, 242, 242, 242, 242, 242, 242]
  hint #22: indices=[1, 6, 9, 12], offsets=[1, 2, 1, 0], masks=[1,1,1,1], rho_s=[46, 46, 46, 46, 46, 46, 46, 46, 46, 46, 46, 46, 46, 46, 46, 46], rho_v=[46, 46, 46, 46, 46, 46, 46, 46, 46, 46, 46, 46, 46, 46, 46, 46]
  hint #23: indices=[3, 5, 9, 13], offsets=[3, 1, 1, 1], masks=[0,0,1,1], rho_s=[18, 18, 18, 18, 18, 18, 18, 18, 18, 18, 18, 18, 18, 18, 18, 18], rho_v=[124, 124, 124, 124, 124, 124, 124, 124, 124, 124, 124, 124, 124, 124, 124, 124]
  hint #24: indices=[0, 7, 8, 12], offsets=[0, 3, 0, 0], masks=[0,1,1,0], rho_s=[61, 61, 61, 61, 61, 61, 61, 61, 61, 61, 61, 61, 61, 61, 61, 61], rho_v=[241, 241, 241, 241, 241, 241, 241, 241, 241, 241, 241, 241, 241, 241, 241, 241]
  hint #25: indices=[2, 4, 8, 12], offsets=[2, 0, 0, 0], masks=[0,0,0,1], rho_s=[38, 38, 38, 38, 38, 38, 38, 38, 38, 38, 38, 38, 38, 38, 38, 38], rho_v=[207, 207, 207, 207, 207, 207, 207, 207, 207, 207, 207, 207, 207, 207, 207, 207]
  hint #26: indices=[2, 6, 8, 13], offsets=[2, 2, 0, 1], masks=[1,1,1,0], rho_s=[39, 39, 39, 39, 39, 39, 39, 39, 39, 39, 39, 39, 39, 39, 39, 39], rho_v=[199, 199, 199, 199, 199, 199, 199, 199, 199, 199, 199, 199, 199, 199, 199, 199]
  hint #27: indices=[1, 4, 8, 12], offsets=[1, 0, 0, 0], masks=[1,1,1,0], rho_s=[23, 23, 23, 23, 23, 23, 23, 23, 23, 23, 23, 23, 23, 23, 23, 23], rho_v=[216, 216, 216, 216, 216, 216, 216, 216, 216, 216, 216, 216, 216, 216, 216, 216]
  hint #28: indices=[2, 7, 10, 13], offsets=[2, 3, 2, 1], masks=[0,1,0,1], rho_s=[18, 18, 18, 18, 18, 18, 18, 18, 18, 18, 18, 18, 18, 18, 18, 18], rho_v=[154, 154, 154, 154, 154, 154, 154, 154, 154, 154, 154, 154, 154, 154, 154, 154]
  hint #29: indices=[3, 7, 9, 14], offsets=[3, 3, 1, 2], masks=[0,0,0,0], rho_s=[33, 33, 33, 33, 33, 33, 33, 33, 33, 33, 33, 33, 33, 33, 33, 33], rho_v=[0, 0, 0, 0, 0, 0, 0, 0, 0, 0, 0, 0, 0, 0, 0, 0]
  hint #30: indices=[1, 5, 11, 12], offsets=[1, 1, 3, 0], masks=[0,0,1,0], rho_s=[61, 61, 61, 61, 61, 61, 61, 61, 61, 61, 61, 61, 61, 61, 61, 61], rho_v=[190, 190, 190, 190, 190, 190, 190, 190, 190, 190, 190, 190, 190, 190, 190, 190]
  hint #31: indices=[3, 6, 8, 12], offsets=[3, 2, 0, 0], masks=[1,1,1,0], rho_s=[27, 27, 27, 27, 27, 27, 27, 27, 27, 27, 27, 27, 27, 27, 27, 27], rho_v=[212, 212, 212, 212, 212, 212, 212, 212, 212, 212, 212, 212, 212, 212, 212, 212]
  hint #32: indices=[1, 5, 10, 15], offsets=[1, 1, 2, 3], masks=[0,0,0,1], rho_s=[227, 227, 227, 227, 227, 227, 227, 227, 227, 227, 227, 227, 227, 227, 227, 227], rho_v=[2, 2, 2, 2, 2, 2, 2, 2, 2, 2, 2, 2, 2, 2, 2, 2]
  hint #33: indices=[2, 7, 11, 12], offsets=[2, 3, 3, 0], masks=[0,1,1,1], rho_s=[46, 46, 46, 46, 46, 46, 46, 46, 46, 46, 46, 46, 46, 46, 46, 46], rho_v=[11, 11, 11, 11, 11, 11, 11, 11, 11, 11, 11, 11, 11, 11, 11, 11]
  hint #34: indices=[0, 4, 9, 12], offsets=[0, 0, 1, 0], masks=[0,0,1,0], rho_s=[23, 23, 23, 23, 23, 23, 23, 23, 23, 23, 23, 23, 23, 23, 23, 23], rho_v=[156, 156, 156, 156, 156, 156, 156, 156, 156, 156, 156, 156, 156, 156, 156, 156]
  hint #35: indices=[0, 5, 10, 13], offsets=[0, 1, 2, 1], masks=[0,1,1,1], rho_s=[22, 22, 22, 22, 22, 22, 22, 22, 22, 22, 22, 22, 22, 22, 22, 22], rho_v=[21, 21, 21, 21, 21, 21, 21, 21, 21, 21, 21, 21, 21, 21, 21, 21]
  hint #36: indices=[2, 5, 10, 13], offsets=[2, 1, 2, 1], masks=[0,0,0,0], rho_s=[48, 48, 48, 48, 48, 48, 48, 48, 48, 48, 48, 48, 48, 48, 48, 48], rho_v=[0, 0, 0, 0, 0, 0, 0, 0, 0, 0, 0, 0, 0, 0, 0, 0]
  hint #37: indices=[2, 4, 10, 12], offsets=[2, 0, 2, 0], masks=[1,1,1,0], rho_s=[0, 0, 0, 0, 0, 0, 0, 0, 0, 0, 0, 0, 0, 0, 0, 0], rho_v=[207, 207, 207, 207, 207, 207, 207, 207, 207, 207, 207, 207, 207, 207, 207, 207]
  hint #38: indices=[3, 6, 11, 14], offsets=[3, 2, 3, 2], masks=[1,0,0,0], rho_s=[16, 16, 16, 16, 16, 16, 16, 16, 16, 16, 16, 16, 16, 16, 16, 16], rho_v=[54, 54, 54, 54, 54, 54, 54, 54, 54, 54, 54, 54, 54, 54, 54, 54]
  hint #39: indices=[3, 5, 8, 13], offsets=[3, 1, 0, 1], masks=[1,0,0,0], rho_s=[5, 5, 5, 5, 5, 5, 5, 5, 5, 5, 5, 5, 5, 5, 5, 5], rho_v=[54, 54, 54, 54, 54, 54, 54, 54, 54, 54, 54, 54, 54, 54, 54, 54]
  hint #40: indices=[0, 5, 11, 12], offsets=[0, 1, 3, 0], masks=[1,0,1,0], rho_s=[42, 42, 42, 42, 42, 42, 42, 42, 42, 42, 42, 42, 42, 42, 42, 42], rho_v=[189, 189, 189, 189, 189, 189, 189, 189, 189, 189, 189, 189, 189, 189, 189, 189]
  hint #41: indices=[3, 6, 11, 12], offsets=[3, 2, 3, 0], masks=[1,1,1,1], rho_s=[46, 46, 46, 46, 46, 46, 46, 46, 46, 46, 46, 46, 46, 46, 46, 46], rho_v=[46, 46, 46, 46, 46, 46, 46, 46, 46, 46, 46, 46, 46, 46, 46, 46]
  hint #42: indices=[3, 4, 10, 14], offsets=[3, 0, 2, 2], masks=[0,1,1,0], rho_s=[45, 45, 45, 45, 45, 45, 45, 45, 45, 45, 45, 45, 45, 45, 45, 45], rho_v=[234, 234, 234, 234, 234, 234, 234, 234, 234, 234, 234, 234, 234, 234, 234, 234]
  hint #43: indices=[3, 4, 11, 15], offsets=[3, 0, 3, 3], masks=[0,0,0,1], rho_s=[205, 205, 205, 205, 205, 205, 205, 205, 205, 205, 205, 205, 205, 205, 205, 205], rho_v=[2, 2, 2, 2, 2, 2, 2, 2, 2, 2, 2, 2, 2, 2, 2, 2]
  hint #44: indices=[0, 4, 9, 12], offsets=[0, 0, 1, 0], masks=[0,0,0,1], rho_s=[23, 23, 23, 23, 23, 23, 23, 23, 23, 23, 23, 23, 23, 23, 23, 23], rho_v=[207, 207, 207, 207, 207, 207, 207, 207, 207, 207, 207, 207, 207, 207, 207, 207]
  hint #45: indices=[0, 4, 8, 14], offsets=[0, 0, 0, 2], masks=[1,1,0,0], rho_s=[62, 62, 62, 62, 62, 62, 62, 62, 62, 62, 62, 62, 62, 62, 62, 62], rho_v=[68, 68, 68, 68, 68, 68, 68, 68, 68, 68, 68, 68, 68, 68, 68, 68]
  hint #46: indices=[0, 7, 10, 14], offsets=[0, 3, 2, 2], masks=[1,0,0,0], rho_s=[37, 37, 37, 37, 37, 37, 37, 37, 37, 37, 37, 37, 37, 37, 37, 37], rho_v=[3, 3, 3, 3, 3, 3, 3, 3, 3, 3, 3, 3, 3, 3, 3, 3]
  hint #47: indices=[2, 4, 11, 13], offsets=[2, 0, 3, 1], masks=[0,0,0,1], rho_s=[60, 60, 60, 60, 60, 60, 60, 60, 60, 60, 60, 60, 60, 60, 60, 60], rho_v=[224, 224, 224, 224, 224, 224, 224, 224, 224, 224, 224, 224, 224, 224, 224, 224]
  hint #48: indices=[1, 7, 8, 13], offsets=[1, 3, 0, 1], masks=[0,1,0,0], rho_s=[5, 5, 5, 5, 5, 5, 5, 5, 5, 5, 5, 5, 5, 5, 5, 5], rho_v=[122, 122, 122, 122, 122, 122, 122, 122, 122, 122, 122, 122, 122, 122, 122, 122]
  hint #49: indices=[1, 5, 8, 12], offsets=[1, 1, 0, 0], masks=[0,0,0,0], rho_s=[8, 8, 8, 8, 8, 8, 8, 8, 8, 8, 8, 8, 8, 8, 8, 8], rho_v=[0, 0, 0, 0, 0, 0, 0, 0, 0, 0, 0, 0, 0, 0, 0, 0]
  hint #50: indices=[1, 5, 8, 14], offsets=[1, 1, 0, 2], masks=[1,0,0,1], rho_s=[54, 54, 54, 54, 54, 54, 54, 54, 54, 54, 54, 54, 54, 54, 54, 54], rho_v=[229, 229, 229, 229, 229, 229, 229, 229, 229, 229, 229, 229, 229, 229, 229, 229]
  hint #51: indices=[3, 7, 11, 13], offsets=[3, 3, 3, 1], masks=[0,0,0,1], rho_s=[18, 18, 18, 18, 18, 18, 18, 18, 18, 18, 18, 18, 18, 18, 18, 18], rho_v=[224, 224, 224, 224, 224, 224, 224, 224, 224, 224, 224, 224, 224, 224, 224, 224]
  hint #52: indices=[3, 7, 10, 12], offsets=[3, 3, 2, 0], masks=[0,0,0,1], rho_s=[46, 46, 46, 46, 46, 46, 46, 46, 46, 46, 46, 46, 46, 46, 46, 46], rho_v=[207, 207, 207, 207, 207, 207, 207, 207, 207, 207, 207, 207, 207, 207, 207, 207]
  hint #53: indices=[2, 4, 8, 12], offsets=[2, 0, 0, 0], masks=[0,0,1,0], rho_s=[38, 38, 38, 38, 38, 38, 38, 38, 38, 38, 38, 38, 38, 38, 38, 38], rho_v=[139, 139, 139, 139, 139, 139, 139, 139, 139, 139, 139, 139, 139, 139, 139, 139]
  hint #54: indices=[2, 7, 10, 14], offsets=[2, 3, 2, 2], masks=[0,1,0,1], rho_s=[3, 3, 3, 3, 3, 3, 3, 3, 3, 3, 3, 3, 3, 3, 3, 3], rho_v=[139, 139, 139, 139, 139, 139, 139, 139, 139, 139, 139, 139, 139, 139, 139, 139]
  hint #55: indices=[2, 7, 9, 14], offsets=[2, 3, 1, 2], masks=[0,0,0,0], rho_s=[50, 50, 50, 50, 50, 50, 50, 50, 50, 50, 50, 50, 50, 50, 50, 50], rho_v=[0, 0, 0, 0, 0, 0, 0, 0, 0, 0, 0, 0, 0, 0, 0, 0]
  hint #57: indices=[2, 6, 8, 12], offsets=[2, 2, 0, 0], masks=[1,0,0,0], rho_s=[8, 8, 8, 8, 8, 8, 8, 8, 8, 8, 8, 8, 8, 8, 8, 8], rho_v=[37, 37, 37, 37, 37, 37, 37, 37, 37, 37, 37, 37, 37, 37, 37, 37]
  hint #58: indices=[1, 7, 8, 12], offsets=[1, 3, 0, 0], masks=[0,1,0,0], rho_s=[42, 42, 42, 42, 42, 42, 42, 42, 42, 42, 42, 42, 42, 42, 42, 42], rho_v=[122, 122, 122, 122, 122, 122, 122, 122, 122, 122, 122, 122, 122, 122, 122, 122]
  hint #59: indices=[2, 6, 10, 12], offsets=[2, 2, 2, 0], masks=[0,1,0,1], rho_s=[46, 46, 46, 46, 46, 46, 46, 46, 46, 46, 46, 46, 46, 46, 46, 46], rho_v=[166, 166, 166, 166, 166, 166, 166, 166, 166, 166, 166, 166, 166, 166, 166, 166]
  hint #60: indices=[1, 6, 11, 12], offsets=[1, 2, 3, 0], masks=[0,0,1,1], rho_s=[12, 12, 12, 12, 12, 12, 12, 12, 12, 12, 12, 12, 12, 12, 12, 12], rho_v=[113, 113, 113, 113, 113, 113, 113, 113, 113, 113, 113, 113, 113, 113, 113, 113]
  hint #61: indices=[2, 7, 11, 12], offsets=[2, 3, 3, 0], masks=[1,0,0,0], rho_s=[46, 46, 46, 46, 46, 46, 46, 46, 46, 46, 46, 46, 46, 46, 46, 46], rho_v=[37, 37, 37, 37, 37, 37, 37, 37, 37, 37, 37, 37, 37, 37, 37, 37]
  hint #62: indices=[2, 4, 9, 13], offsets=[2, 0, 1, 1], masks=[0,0,1,1], rho_s=[30, 30, 30, 30, 30, 30, 30, 30, 30, 30, 30, 30, 30, 30, 30, 30], rho_v=[124, 124, 124, 124, 124, 124, 124, 124, 124, 124, 124, 124, 124, 124, 124, 124]
  hint #63: indices=[2, 5, 9, 12], offsets=[2, 1, 1, 0], masks=[0,0,1,1], rho_s=[46, 46, 46, 46, 46, 46, 46, 46, 46, 46, 46, 46, 46, 46, 46, 46], rho_v=[83, 83, 83, 83, 83, 83, 83, 83, 83, 83, 83, 83, 83, 83, 83, 83]
  hint #64: indices=[0, 6, 10, 15], offsets=[0, 2, 2, 3], masks=[0,1,1,1], rho_s=[197, 197, 197, 197, 197, 197, 197, 197, 197, 197, 197, 197, 197, 197, 197, 197], rho_v=[198, 198, 198, 198, 198, 198, 198, 198, 198, 198, 198, 198, 198, 198, 198, 198]
hbuffer (queued compact tuples):
  hint #65: rho_s=[231, 231, 231, 231, 231, 231, 231, 231, 231, 231, 231, 231, 231, 231, 231, 231], rho_v=[20, 20, 20, 20, 20, 20, 20, 20, 20, 20, 20, 20, 20, 20, 20, 20]
  hint #66: rho_s=[197, 197, 197, 197, 197, 197, 197, 197, 197, 197, 197, 197, 197, 197, 197, 197], rho_v=[191, 191, 191, 191, 191, 191, 191, 191, 191, 191, 191, 191, 191, 191, 191, 191]
  hint #67: rho_s=[31, 31, 31, 31, 31, 31, 31, 31, 31, 31, 31, 31, 31, 31, 31, 31], rho_v=[178, 178, 178, 178, 178, 178, 178, 178, 178, 178, 178, 178, 178, 178, 178, 178]
  hint #68: rho_s=[7, 7, 7, 7, 7, 7, 7, 7, 7, 7, 7, 7, 7, 7, 7, 7], rho_v=[0, 0, 0, 0, 0, 0, 0, 0, 0, 0, 0, 0, 0, 0, 0, 0]
  hint #69: rho_s=[227, 227, 227, 227, 227, 227, 227, 227, 227, 227, 227, 227, 227, 227, 227, 227], rho_v=[138, 138, 138, 138, 138, 138, 138, 138, 138, 138, 138, 138, 138, 138, 138, 138]
  hint #70: rho_s=[8, 8, 8, 8, 8, 8, 8, 8, 8, 8, 8, 8, 8, 8, 8, 8], rho_v=[207, 207, 207, 207, 207, 207, 207, 207, 207, 207, 207, 207, 207, 207, 207, 207]
  hint #71: rho_s=[56, 56, 56, 56, 56, 56, 56, 56, 56, 56, 56, 56, 56, 56, 56, 56], rho_v=[127, 127, 127, 127, 127, 127, 127, 127, 127, 127, 127, 127, 127, 127, 127, 127]
T (hint-membership table):
  DB[0] -> [6, 7, 9, 10, 14, 16, 18, 20, 24, 34, 35, 40, 44, 45, 46, 64]
  DB[1] -> [0, 1, 2, 3, 5, 8, 15, 22, 27, 30, 32, 48, 49, 50, 58, 60]
  DB[2] -> [11, 13, 25, 26, 28, 33, 36, 37, 47, 53, 54, 55, 57, 59, 61, 62, 63]
  DB[3] -> [4, 12, 17, 19, 21, 23, 29, 31, 38, 39, 41, 42, 43, 51, 52]
  DB[4] -> [0, 1, 4, 6, 10, 12, 16, 25, 27, 34, 37, 42, 43, 44, 45, 47, 53, 62]
  DB[5] -> [7, 13, 17, 18, 23, 30, 32, 35, 36, 39, 40, 49, 50, 63]
  DB[6] -> [2, 3, 9, 14, 15, 20, 22, 26, 31, 38, 41, 57, 59, 60, 64]
  DB[7] -> [5, 8, 11, 19, 21, 24, 28, 29, 33, 46, 48, 51, 52, 54, 55, 58, 61]
  DB[8] -> [8, 10, 14, 15, 16, 17, 18, 24, 25, 26, 27, 31, 39, 45, 48, 49, 50, 53, 57, 58]
  DB[9] -> [4, 6, 19, 22, 23, 29, 34, 44, 55, 62, 63]
  DB[10] -> [1, 3, 5, 7, 20, 28, 32, 35, 36, 37, 42, 46, 52, 54, 59, 64]
  DB[11] -> [0, 2, 9, 11, 12, 13, 21, 30, 33, 38, 40, 41, 43, 47, 51, 60, 61]
  DB[12] -> [4, 14, 20, 22, 24, 25, 27, 30, 31, 33, 34, 37, 40, 41, 44, 49, 52, 53, 57, 58, 59, 60, 61, 63]
  DB[13] -> [1, 3, 7, 8, 11, 15, 18, 19, 21, 23, 26, 28, 35, 36, 39, 47, 48, 51, 62]
  DB[14] -> [0, 2, 9, 10, 12, 13, 16, 29, 38, 42, 45, 46, 50, 54, 55]
  DB[15] -> [5, 6, 17, 32, 43, 64]

=== Last query ===
Client wants: DB[12]
Client sent: patched offsets=[2, 3, 3, 0], patched masks=[0,1,1,0]
Data recovery: consumed hint #33, swap hint None, z = 12, recovered target = [207, 207, 207, 207, 207, 207, 207, 207, 207, 207, 207, 207, 207, 207, 207, 207], learned z-record = [207, 207, 207, 207, 207, 207, 207, 207, 207, 207, 207, 207, 207, 207, 207, 207], refresh = false

=== Client's 3 local tables after maintenance ===
hint (active hints):
  hint #0: indices=[1, 4, 11, 14], offsets=[1, 0, 3, 2], masks=[1,1,1,1], rho_s=[28, 28, 28, 28, 28, 28, 28, 28, 28, 28, 28, 28, 28, 28, 28, 28], rho_v=[28, 28, 28, 28, 28, 28, 28, 28, 28, 28, 28, 28, 28, 28, 28, 28]
  hint #1: indices=[1, 4, 10, 13], offsets=[1, 0, 2, 1], masks=[1,1,1,1], rho_s=[30, 30, 30, 30, 30, 30, 30, 30, 30, 30, 30, 30, 30, 30, 30, 30], rho_v=[30, 30, 30, 30, 30, 30, 30, 30, 30, 30, 30, 30, 30, 30, 30, 30]
  hint #2: indices=[1, 6, 11, 14], offsets=[1, 2, 3, 2], masks=[1,1,0,1], rho_s=[50, 50, 50, 50, 50, 50, 50, 50, 50, 50, 50, 50, 50, 50, 50, 50], rho_v=[140, 140, 140, 140, 140, 140, 140, 140, 140, 140, 140, 140, 140, 140, 140, 140]
  hint #4: indices=[3, 4, 9, 12], offsets=[3, 0, 1, 0], masks=[1,1,0,0], rho_s=[34, 34, 34, 34, 34, 34, 34, 34, 34, 34, 34, 34, 34, 34, 34, 34], rho_v=[113, 113, 113, 113, 113, 113, 113, 113, 113, 113, 113, 113, 113, 113, 113, 113]
  hint #5: indices=[1, 7, 10, 15], offsets=[1, 3, 2, 3], masks=[0,0,0,1], rho_s=[193, 193, 193, 193, 193, 193, 193, 193, 193, 193, 193, 193, 193, 193, 193, 193], rho_v=[2, 2, 2, 2, 2, 2, 2, 2, 2, 2, 2, 2, 2, 2, 2, 2]
  hint #6: indices=[0, 4, 9, 15], offsets=[0, 0, 1, 3], masks=[0,1,1,1], rho_s=[218, 218, 218, 218, 218, 218, 218, 218, 218, 218, 218, 218, 218, 218, 218, 218], rho_v=[217, 217, 217, 217, 217, 217, 217, 217, 217, 217, 217, 217, 217, 217, 217, 217]
  hint #7: indices=[0, 5, 10, 13], offsets=[0, 1, 2, 1], masks=[1,1,1,1], rho_s=[22, 22, 22, 22, 22, 22, 22, 22, 22, 22, 22, 22, 22, 22, 22, 22], rho_v=[22, 22, 22, 22, 22, 22, 22, 22, 22, 22, 22, 22, 22, 22, 22, 22]
  hint #8: indices=[1, 7, 8, 13], offsets=[1, 3, 0, 1], masks=[1,1,1,1], rho_s=[5, 5, 5, 5, 5, 5, 5, 5, 5, 5, 5, 5, 5, 5, 5, 5], rho_v=[5, 5, 5, 5, 5, 5, 5, 5, 5, 5, 5, 5, 5, 5, 5, 5]
  hint #9: indices=[0, 6, 11, 14], offsets=[0, 2, 3, 2], masks=[0,0,1,1], rho_s=[37, 37, 37, 37, 37, 37, 37, 37, 37, 37, 37, 37, 37, 37, 37, 37], rho_v=[79, 79, 79, 79, 79, 79, 79, 79, 79, 79, 79, 79, 79, 79, 79, 79]
  hint #10: indices=[0, 4, 8, 14], offsets=[0, 0, 0, 2], masks=[1,1,1,1], rho_s=[62, 62, 62, 62, 62, 62, 62, 62, 62, 62, 62, 62, 62, 62, 62, 62], rho_v=[62, 62, 62, 62, 62, 62, 62, 62, 62, 62, 62, 62, 62, 62, 62, 62]
  hint #11: indices=[2, 7, 11, 13], offsets=[2, 3, 3, 1], masks=[0,0,1,0], rho_s=[1, 1, 1, 1, 1, 1, 1, 1, 1, 1, 1, 1, 1, 1, 1, 1], rho_v=[190, 190, 190, 190, 190, 190, 190, 190, 190, 190, 190, 190, 190, 190, 190, 190]
  hint #13: indices=[2, 5, 10, 14], offsets=[2, 1, 2, 2], masks=[0,1,0,0], rho_s=[33, 33, 33, 33, 33, 33, 33, 33, 33, 33, 33, 33, 33, 33, 33, 33], rho_v=[88, 88, 88, 88, 88, 88, 88, 88, 88, 88, 88, 88, 88, 88, 88, 88]
  hint #14: indices=[0, 6, 8, 12], offsets=[0, 2, 0, 0], masks=[0,1,1,1], rho_s=[46, 46, 46, 46, 46, 46, 46, 46, 46, 46, 46, 46, 46, 46, 46, 46], rho_v=[45, 45, 45, 45, 45, 45, 45, 45, 45, 45, 45, 45, 45, 45, 45, 45]
  hint #15: indices=[1, 6, 8, 13], offsets=[1, 2, 0, 1], masks=[1,1,0,0], rho_s=[22, 22, 22, 22, 22, 22, 22, 22, 22, 22, 22, 22, 22, 22, 22, 22], rho_v=[125, 125, 125, 125, 125, 125, 125, 125, 125, 125, 125, 125, 125, 125, 125, 125]
  hint #16: indices=[0, 4, 8, 14], offsets=[0, 0, 0, 2], masks=[1,0,0,1], rho_s=[62, 62, 62, 62, 62, 62, 62, 62, 62, 62, 62, 62, 62, 62, 62, 62], rho_v=[242, 242, 242, 242, 242, 242, 242, 242, 242, 242, 242, 242, 242, 242, 242, 242]
  hint #18: indices=[0, 5, 8, 13], offsets=[0, 1, 0, 1], masks=[1,1,0,0], rho_s=[48, 48, 48, 48, 48, 48, 48, 48, 48, 48, 48, 48, 48, 48, 48, 48], rho_v=[91, 91, 91, 91, 91, 91, 91, 91, 91, 91, 91, 91, 91, 91, 91, 91]
  hint #19: indices=[3, 7, 9, 13], offsets=[3, 3, 1, 1], masks=[1,0,1,1], rho_s=[48, 48, 48, 48, 48, 48, 48, 48, 48, 48, 48, 48, 48, 48, 48, 48], rho_v=[74, 74, 74, 74, 74, 74, 74, 74, 74, 74, 74, 74, 74, 74, 74, 74]
  hint #20: indices=[0, 6, 10, 12], offsets=[0, 2, 2, 0], masks=[0,1,1,1], rho_s=[8, 8, 8, 8, 8, 8, 8, 8, 8, 8, 8, 8, 8, 8, 8, 8], rho_v=[11, 11, 11, 11, 11, 11, 11, 11, 11, 11, 11, 11, 11, 11, 11, 11]
  hint #21: indices=[3, 7, 11, 13], offsets=[3, 3, 3, 1], masks=[1,1,1,0], rho_s=[18, 18, 18, 18, 18, 18, 18, 18, 18, 18, 18, 18, 18, 18, 18, 18], rho_v=[242, 242, 242, 242, 242, 242, 242, 242, 242, 242, 242, 242, 242, 242, 242, 242]
  hint #22: indices=[1, 6, 9, 12], offsets=[1, 2, 1, 0], masks=[1,1,1,1], rho_s=[46, 46, 46, 46, 46, 46, 46, 46, 46, 46, 46, 46, 46, 46, 46, 46], rho_v=[46, 46, 46, 46, 46, 46, 46, 46, 46, 46, 46, 46, 46, 46, 46, 46]
  hint #23: indices=[3, 5, 9, 13], offsets=[3, 1, 1, 1], masks=[0,0,1,1], rho_s=[18, 18, 18, 18, 18, 18, 18, 18, 18, 18, 18, 18, 18, 18, 18, 18], rho_v=[124, 124, 124, 124, 124, 124, 124, 124, 124, 124, 124, 124, 124, 124, 124, 124]
  hint #24: indices=[0, 7, 8, 12], offsets=[0, 3, 0, 0], masks=[0,1,1,0], rho_s=[61, 61, 61, 61, 61, 61, 61, 61, 61, 61, 61, 61, 61, 61, 61, 61], rho_v=[241, 241, 241, 241, 241, 241, 241, 241, 241, 241, 241, 241, 241, 241, 241, 241]
  hint #25: indices=[2, 4, 8, 12], offsets=[2, 0, 0, 0], masks=[0,0,0,1], rho_s=[38, 38, 38, 38, 38, 38, 38, 38, 38, 38, 38, 38, 38, 38, 38, 38], rho_v=[207, 207, 207, 207, 207, 207, 207, 207, 207, 207, 207, 207, 207, 207, 207, 207]
  hint #26: indices=[2, 6, 8, 13], offsets=[2, 2, 0, 1], masks=[1,1,1,0], rho_s=[39, 39, 39, 39, 39, 39, 39, 39, 39, 39, 39, 39, 39, 39, 39, 39], rho_v=[199, 199, 199, 199, 199, 199, 199, 199, 199, 199, 199, 199, 199, 199, 199, 199]
  hint #27: indices=[3, 4, 8, 12], offsets=[3, 0, 0, 0], masks=[1,1,1,0], rho_s=[53, 53, 53, 53, 53, 53, 53, 53, 53, 53, 53, 53, 53, 53, 53, 53], rho_v=[250, 250, 250, 250, 250, 250, 250, 250, 250, 250, 250, 250, 250, 250, 250, 250]
  hint #28: indices=[2, 7, 10, 13], offsets=[2, 3, 2, 1], masks=[0,1,0,1], rho_s=[18, 18, 18, 18, 18, 18, 18, 18, 18, 18, 18, 18, 18, 18, 18, 18], rho_v=[154, 154, 154, 154, 154, 154, 154, 154, 154, 154, 154, 154, 154, 154, 154, 154]
  hint #29: indices=[3, 7, 9, 14], offsets=[3, 3, 1, 2], masks=[0,0,0,0], rho_s=[33, 33, 33, 33, 33, 33, 33, 33, 33, 33, 33, 33, 33, 33, 33, 33], rho_v=[0, 0, 0, 0, 0, 0, 0, 0, 0, 0, 0, 0, 0, 0, 0, 0]
  hint #31: indices=[3, 6, 8, 12], offsets=[3, 2, 0, 0], masks=[1,1,1,0], rho_s=[27, 27, 27, 27, 27, 27, 27, 27, 27, 27, 27, 27, 27, 27, 27, 27], rho_v=[212, 212, 212, 212, 212, 212, 212, 212, 212, 212, 212, 212, 212, 212, 212, 212]
  hint #32: indices=[1, 5, 10, 15], offsets=[1, 1, 2, 3], masks=[0,0,0,1], rho_s=[227, 227, 227, 227, 227, 227, 227, 227, 227, 227, 227, 227, 227, 227, 227, 227], rho_v=[2, 2, 2, 2, 2, 2, 2, 2, 2, 2, 2, 2, 2, 2, 2, 2]
  hint #34: indices=[0, 4, 9, 12], offsets=[0, 0, 1, 0], masks=[0,0,1,0], rho_s=[23, 23, 23, 23, 23, 23, 23, 23, 23, 23, 23, 23, 23, 23, 23, 23], rho_v=[156, 156, 156, 156, 156, 156, 156, 156, 156, 156, 156, 156, 156, 156, 156, 156]
  hint #35: indices=[0, 5, 10, 13], offsets=[0, 1, 2, 1], masks=[0,1,1,1], rho_s=[22, 22, 22, 22, 22, 22, 22, 22, 22, 22, 22, 22, 22, 22, 22, 22], rho_v=[21, 21, 21, 21, 21, 21, 21, 21, 21, 21, 21, 21, 21, 21, 21, 21]
  hint #36: indices=[2, 5, 10, 13], offsets=[2, 1, 2, 1], masks=[0,0,0,0], rho_s=[48, 48, 48, 48, 48, 48, 48, 48, 48, 48, 48, 48, 48, 48, 48, 48], rho_v=[0, 0, 0, 0, 0, 0, 0, 0, 0, 0, 0, 0, 0, 0, 0, 0]
  hint #37: indices=[2, 4, 10, 12], offsets=[2, 0, 2, 0], masks=[1,1,1,0], rho_s=[0, 0, 0, 0, 0, 0, 0, 0, 0, 0, 0, 0, 0, 0, 0, 0], rho_v=[207, 207, 207, 207, 207, 207, 207, 207, 207, 207, 207, 207, 207, 207, 207, 207]
  hint #38: indices=[3, 6, 11, 14], offsets=[3, 2, 3, 2], masks=[1,0,0,0], rho_s=[16, 16, 16, 16, 16, 16, 16, 16, 16, 16, 16, 16, 16, 16, 16, 16], rho_v=[54, 54, 54, 54, 54, 54, 54, 54, 54, 54, 54, 54, 54, 54, 54, 54]
  hint #39: indices=[3, 5, 8, 13], offsets=[3, 1, 0, 1], masks=[1,0,0,0], rho_s=[5, 5, 5, 5, 5, 5, 5, 5, 5, 5, 5, 5, 5, 5, 5, 5], rho_v=[54, 54, 54, 54, 54, 54, 54, 54, 54, 54, 54, 54, 54, 54, 54, 54]
  hint #40: indices=[0, 5, 11, 12], offsets=[0, 1, 3, 0], masks=[1,0,1,0], rho_s=[42, 42, 42, 42, 42, 42, 42, 42, 42, 42, 42, 42, 42, 42, 42, 42], rho_v=[189, 189, 189, 189, 189, 189, 189, 189, 189, 189, 189, 189, 189, 189, 189, 189]
  hint #41: indices=[3, 6, 11, 12], offsets=[3, 2, 3, 0], masks=[1,1,1,1], rho_s=[46, 46, 46, 46, 46, 46, 46, 46, 46, 46, 46, 46, 46, 46, 46, 46], rho_v=[46, 46, 46, 46, 46, 46, 46, 46, 46, 46, 46, 46, 46, 46, 46, 46]
  hint #43: indices=[3, 4, 11, 15], offsets=[3, 0, 3, 3], masks=[0,0,0,1], rho_s=[205, 205, 205, 205, 205, 205, 205, 205, 205, 205, 205, 205, 205, 205, 205, 205], rho_v=[2, 2, 2, 2, 2, 2, 2, 2, 2, 2, 2, 2, 2, 2, 2, 2]
  hint #44: indices=[0, 4, 9, 14], offsets=[0, 0, 1, 2], masks=[0,0,0,1], rho_s=[41, 41, 41, 41, 41, 41, 41, 41, 41, 41, 41, 41, 41, 41, 41, 41], rho_v=[241, 241, 241, 241, 241, 241, 241, 241, 241, 241, 241, 241, 241, 241, 241, 241]
  hint #45: indices=[0, 4, 8, 14], offsets=[0, 0, 0, 2], masks=[1,1,0,0], rho_s=[62, 62, 62, 62, 62, 62, 62, 62, 62, 62, 62, 62, 62, 62, 62, 62], rho_v=[68, 68, 68, 68, 68, 68, 68, 68, 68, 68, 68, 68, 68, 68, 68, 68]
  hint #46: indices=[1, 7, 10, 14], offsets=[1, 3, 2, 2], masks=[1,0,0,0], rho_s=[50, 50, 50, 50, 50, 50, 50, 50, 50, 50, 50, 50, 50, 50, 50, 50], rho_v=[20, 20, 20, 20, 20, 20, 20, 20, 20, 20, 20, 20, 20, 20, 20, 20]
  hint #47: indices=[2, 4, 11, 13], offsets=[2, 0, 3, 1], masks=[0,0,0,1], rho_s=[60, 60, 60, 60, 60, 60, 60, 60, 60, 60, 60, 60, 60, 60, 60, 60], rho_v=[224, 224, 224, 224, 224, 224, 224, 224, 224, 224, 224, 224, 224, 224, 224, 224]
  hint #48: indices=[1, 7, 8, 13], offsets=[1, 3, 0, 1], masks=[0,1,0,0], rho_s=[5, 5, 5, 5, 5, 5, 5, 5, 5, 5, 5, 5, 5, 5, 5, 5], rho_v=[122, 122, 122, 122, 122, 122, 122, 122, 122, 122, 122, 122, 122, 122, 122, 122]
  hint #49: indices=[1, 5, 8, 12], offsets=[1, 1, 0, 0], masks=[0,0,0,0], rho_s=[8, 8, 8, 8, 8, 8, 8, 8, 8, 8, 8, 8, 8, 8, 8, 8], rho_v=[0, 0, 0, 0, 0, 0, 0, 0, 0, 0, 0, 0, 0, 0, 0, 0]
  hint #50: indices=[1, 5, 8, 14], offsets=[1, 1, 0, 2], masks=[1,0,0,1], rho_s=[54, 54, 54, 54, 54, 54, 54, 54, 54, 54, 54, 54, 54, 54, 54, 54], rho_v=[229, 229, 229, 229, 229, 229, 229, 229, 229, 229, 229, 229, 229, 229, 229, 229]
  hint #51: indices=[3, 7, 11, 13], offsets=[3, 3, 3, 1], masks=[0,0,0,1], rho_s=[18, 18, 18, 18, 18, 18, 18, 18, 18, 18, 18, 18, 18, 18, 18, 18], rho_v=[224, 224, 224, 224, 224, 224, 224, 224, 224, 224, 224, 224, 224, 224, 224, 224]
  hint #52: indices=[3, 7, 10, 12], offsets=[3, 3, 2, 0], masks=[0,0,0,1], rho_s=[46, 46, 46, 46, 46, 46, 46, 46, 46, 46, 46, 46, 46, 46, 46, 46], rho_v=[207, 207, 207, 207, 207, 207, 207, 207, 207, 207, 207, 207, 207, 207, 207, 207]
  hint #53: indices=[2, 4, 8, 12], offsets=[2, 0, 0, 0], masks=[0,0,1,0], rho_s=[38, 38, 38, 38, 38, 38, 38, 38, 38, 38, 38, 38, 38, 38, 38, 38], rho_v=[139, 139, 139, 139, 139, 139, 139, 139, 139, 139, 139, 139, 139, 139, 139, 139]
  hint #54: indices=[2, 7, 10, 14], offsets=[2, 3, 2, 2], masks=[0,1,0,1], rho_s=[3, 3, 3, 3, 3, 3, 3, 3, 3, 3, 3, 3, 3, 3, 3, 3], rho_v=[139, 139, 139, 139, 139, 139, 139, 139, 139, 139, 139, 139, 139, 139, 139, 139]
  hint #55: indices=[2, 7, 9, 14], offsets=[2, 3, 1, 2], masks=[0,0,0,0], rho_s=[50, 50, 50, 50, 50, 50, 50, 50, 50, 50, 50, 50, 50, 50, 50, 50], rho_v=[0, 0, 0, 0, 0, 0, 0, 0, 0, 0, 0, 0, 0, 0, 0, 0]
  hint #57: indices=[2, 6, 8, 12], offsets=[2, 2, 0, 0], masks=[1,0,0,0], rho_s=[8, 8, 8, 8, 8, 8, 8, 8, 8, 8, 8, 8, 8, 8, 8, 8], rho_v=[37, 37, 37, 37, 37, 37, 37, 37, 37, 37, 37, 37, 37, 37, 37, 37]
  hint #58: indices=[1, 7, 8, 12], offsets=[1, 3, 0, 0], masks=[0,1,0,0], rho_s=[42, 42, 42, 42, 42, 42, 42, 42, 42, 42, 42, 42, 42, 42, 42, 42], rho_v=[122, 122, 122, 122, 122, 122, 122, 122, 122, 122, 122, 122, 122, 122, 122, 122]
  hint #60: indices=[1, 6, 11, 12], offsets=[1, 2, 3, 0], masks=[0,0,1,1], rho_s=[12, 12, 12, 12, 12, 12, 12, 12, 12, 12, 12, 12, 12, 12, 12, 12], rho_v=[113, 113, 113, 113, 113, 113, 113, 113, 113, 113, 113, 113, 113, 113, 113, 113]
  hint #61: indices=[2, 7, 11, 12], offsets=[2, 3, 3, 0], masks=[1,0,0,0], rho_s=[46, 46, 46, 46, 46, 46, 46, 46, 46, 46, 46, 46, 46, 46, 46, 46], rho_v=[37, 37, 37, 37, 37, 37, 37, 37, 37, 37, 37, 37, 37, 37, 37, 37]
  hint #62: indices=[2, 4, 9, 13], offsets=[2, 0, 1, 1], masks=[0,0,1,1], rho_s=[30, 30, 30, 30, 30, 30, 30, 30, 30, 30, 30, 30, 30, 30, 30, 30], rho_v=[124, 124, 124, 124, 124, 124, 124, 124, 124, 124, 124, 124, 124, 124, 124, 124]
  hint #63: indices=[2, 5, 9, 15], offsets=[2, 1, 1, 3], masks=[0,0,1,1], rho_s=[227, 227, 227, 227, 227, 227, 227, 227, 227, 227, 227, 227, 227, 227, 227, 227], rho_v=[158, 158, 158, 158, 158, 158, 158, 158, 158, 158, 158, 158, 158, 158, 158, 158]
  hint #65: indices=[1, 7, 8, 15], offsets=[1, 3, 0, 3], masks=[1,0,0,0], rho_s=[231, 231, 231, 231, 231, 231, 231, 231, 231, 231, 231, 231, 231, 231, 231, 231], rho_v=[20, 20, 20, 20, 20, 20, 20, 20, 20, 20, 20, 20, 20, 20, 20, 20]
  hint #66: indices=[0, 7, 11, 15], offsets=[0, 3, 3, 3], masks=[1,0,1,1], rho_s=[197, 197, 197, 197, 197, 197, 197, 197, 197, 197, 197, 197, 197, 197, 197, 197], rho_v=[191, 191, 191, 191, 191, 191, 191, 191, 191, 191, 191, 191, 191, 191, 191, 191]
  hint #67: indices=[2, 5, 10, 12], offsets=[2, 1, 2, 0], masks=[1,1,0,1], rho_s=[31, 31, 31, 31, 31, 31, 31, 31, 31, 31, 31, 31, 31, 31, 31, 31], rho_v=[178, 178, 178, 178, 178, 178, 178, 178, 178, 178, 178, 178, 178, 178, 178, 178]
  hint #68: indices=[0, 5, 10, 14], offsets=[0, 1, 2, 2], masks=[0,0,0,0], rho_s=[7, 7, 7, 7, 7, 7, 7, 7, 7, 7, 7, 7, 7, 7, 7, 7], rho_v=[0, 0, 0, 0, 0, 0, 0, 0, 0, 0, 0, 0, 0, 0, 0, 0]
  hint #69: indices=[0, 6, 8, 15], offsets=[0, 2, 0, 3], masks=[1,0,1,1], rho_s=[227, 227, 227, 227, 227, 227, 227, 227, 227, 227, 227, 227, 227, 227, 227, 227], rho_v=[138, 138, 138, 138, 138, 138, 138, 138, 138, 138, 138, 138, 138, 138, 138, 138]
  hint #70: indices=[2, 6, 8, 12], offsets=[2, 2, 0, 0], masks=[0,0,0,1], rho_s=[8, 8, 8, 8, 8, 8, 8, 8, 8, 8, 8, 8, 8, 8, 8, 8], rho_v=[207, 207, 207, 207, 207, 207, 207, 207, 207, 207, 207, 207, 207, 207, 207, 207]
  hint #71: indices=[0, 4, 9, 13], offsets=[0, 0, 1, 1], masks=[1,0,1,1], rho_s=[56, 56, 56, 56, 56, 56, 56, 56, 56, 56, 56, 56, 56, 56, 56, 56], rho_v=[127, 127, 127, 127, 127, 127, 127, 127, 127, 127, 127, 127, 127, 127, 127, 127]
  hint #72: indices=[3, 4, 10, 14], offsets=[3, 0, 2, 2], masks=[0,1,0,1], rho_s=[45, 45, 45, 45, 45, 45, 45, 45, 45, 45, 45, 45, 45, 45, 45, 45], rho_v=[182, 182, 182, 182, 182, 182, 182, 182, 182, 182, 182, 182, 182, 182, 182, 182]
hbuffer (queued compact tuples):
  hint #73: rho_s=[46, 46, 46, 46, 46, 46, 46, 46, 46, 46, 46, 46, 46, 46, 46, 46], rho_v=[207, 207, 207, 207, 207, 207, 207, 207, 207, 207, 207, 207, 207, 207, 207, 207]
  hint #74: rho_s=[48, 48, 48, 48, 48, 48, 48, 48, 48, 48, 48, 48, 48, 48, 48, 48], rho_v=[76, 76, 76, 76, 76, 76, 76, 76, 76, 76, 76, 76, 76, 76, 76, 76]
  hint #75: rho_s=[244, 244, 244, 244, 244, 244, 244, 244, 244, 244, 244, 244, 244, 244, 244, 244], rho_v=[88, 88, 88, 88, 88, 88, 88, 88, 88, 88, 88, 88, 88, 88, 88, 88]
  hint #76: rho_s=[239, 239, 239, 239, 239, 239, 239, 239, 239, 239, 239, 239, 239, 239, 239, 239], rho_v=[188, 188, 188, 188, 188, 188, 188, 188, 188, 188, 188, 188, 188, 188, 188, 188]
  hint #77: rho_s=[48, 48, 48, 48, 48, 48, 48, 48, 48, 48, 48, 48, 48, 48, 48, 48], rho_v=[214, 214, 214, 214, 214, 214, 214, 214, 214, 214, 214, 214, 214, 214, 214, 214]
  hint #78: rho_s=[231, 231, 231, 231, 231, 231, 231, 231, 231, 231, 231, 231, 231, 231, 231, 231], rho_v=[157, 157, 157, 157, 157, 157, 157, 157, 157, 157, 157, 157, 157, 157, 157, 157]
  hint #79: rho_s=[52, 52, 52, 52, 52, 52, 52, 52, 52, 52, 52, 52, 52, 52, 52, 52], rho_v=[122, 122, 122, 122, 122, 122, 122, 122, 122, 122, 122, 122, 122, 122, 122, 122]
T (hint-membership table):
  DB[0] -> [6, 7, 9, 10, 14, 16, 18, 20, 24, 34, 35, 40, 44, 45, 66, 68, 69, 71]
  DB[1] -> [0, 1, 2, 5, 8, 15, 22, 32, 46, 48, 49, 50, 58, 60, 65]
  DB[2] -> [11, 13, 25, 26, 28, 36, 37, 47, 53, 54, 55, 57, 61, 62, 63, 67, 70]
  DB[3] -> [4, 19, 21, 23, 27, 29, 31, 38, 39, 41, 43, 51, 52, 72]
  DB[4] -> [0, 1, 4, 6, 10, 16, 25, 27, 34, 37, 43, 44, 45, 47, 53, 62, 71, 72]
  DB[5] -> [7, 13, 18, 23, 32, 35, 36, 39, 40, 49, 50, 63, 67, 68]
  DB[6] -> [2, 9, 14, 15, 20, 22, 26, 31, 38, 41, 57, 60, 69, 70]
  DB[7] -> [5, 8, 11, 19, 21, 24, 28, 29, 46, 48, 51, 52, 54, 55, 58, 61, 65, 66]
  DB[8] -> [8, 10, 14, 15, 16, 18, 24, 25, 26, 27, 31, 39, 45, 48, 49, 50, 53, 57, 58, 65, 69, 70]
  DB[9] -> [4, 6, 19, 22, 23, 29, 34, 44, 55, 62, 63, 71]
  DB[10] -> [1, 5, 7, 13, 20, 28, 32, 35, 36, 37, 46, 52, 54, 67, 68, 72]
  DB[11] -> [0, 2, 9, 11, 21, 38, 40, 41, 43, 47, 51, 60, 61, 66]
  DB[12] -> [4, 14, 20, 22, 24, 25, 27, 31, 34, 37, 40, 41, 49, 52, 53, 57, 58, 60, 61, 67, 70]
  DB[13] -> [1, 7, 8, 11, 15, 18, 19, 21, 23, 26, 28, 35, 36, 39, 47, 48, 51, 62, 71]
  DB[14] -> [0, 2, 9, 10, 13, 16, 29, 38, 44, 45, 46, 50, 54, 55, 68, 72]
  DB[15] -> [5, 6, 32, 43, 63, 65, 66, 69]
Final client state: 64 active hints, 7 buffered hints.
Wrote JSON trace to asympirex/output/client_trace.json
Wrote text log to asympirex/output/client_run.log
AsymPirex prototype completed successfully.
